[0;34m[PHASE-E-RUNTIME][0m R1: Checking real deployment stack...
[1;33m[PHASE-E-RUNTIME][0m WARNING: PostgreSQL not available on localhost (will mark tests as CI_OR_STAGING_REQUIRED)
[0;32m[PHASE-E-RUNTIME][0m ✓ Node dependencies installed
[0;34m[PHASE-E-RUNTIME][0m Running with CI_OR_STAGING_REQUIRED mode (no local DB)
[1;33m[PHASE-E-RUNTIME][0m WARNING: Skipping database-dependent tests. Set DATABASE_URL to run full harness.
[0;34m[PHASE-E-RUNTIME][0m R2: Testing process startup and crash scenarios...
[0;34m[PHASE-E-RUNTIME][0m Test R2.1: App startup/shutdown...
[0;32m[PHASE-E-RUNTIME][0m ✓ App build successful
[0;34m[PHASE-E-RUNTIME][0m Starting app in background...
[0;32m[PHASE-E-RUNTIME][0m ✓ App startup successful (PID: 4835)
[0;34m[PHASE-E-RUNTIME][0m Test R2.2: SIGKILL process recovery...
[0;34m[PHASE-E-RUNTIME][0m Force killing process 4835...
[0;32m[PHASE-E-RUNTIME][0m ✓ Process killed successfully
[0;34m[PHASE-E-RUNTIME][0m R4: Measuring real memory and CPU behavior...
[1;33m[PHASE-E-RUNTIME][0m WARNING: No running process to profile
[0;34m[PHASE-E-RUNTIME][0m R5: Testing lease exclusivity with simulated workers...
[0;34m[PHASE-E-RUNTIME][0m Starting simulated worker lease test...
[0;34m[PHASE-E-RUNTIME][0m Worker worker-1 acquired lease
[0;34m[PHASE-E-RUNTIME][0m Worker worker-2 failed to acquire lease (expected - held by another)
[0;34m[PHASE-E-RUNTIME][0m Worker worker-1 releasing lease
[0;34m[PHASE-E-RUNTIME][0m Cleaning up processes...
[0;32m[PHASE-E-RUNTIME][0m ✓ Cleanup complete
